
> onegrasp-assessment-engine@0.1.0 build
> node --max-old-space-size=4096 node_modules/next/dist/bin/next build

  ▲ Next.js 14.2.35
  - Environments: .env.local

node.exe : 
At line:1 char:1
+ & "C:\Program Files\nodejs/node.exe" "C:\Program Files\nodejs/node_mo ...
+ ~~~~~~~~~~~~~~~~~~~~~~~~~~~~~~~~~~~~~~~~~~~~~~~~~~~~~~~~~~~~~~~~~~~~~
    + CategoryInfo          : NotSpecified: (:String) [], RemoteException
    + FullyQualifiedErrorId : NativeCommandError
 
> Build error occurred
Error: You cannot use different slug names for the same dynamic path ('id' !== 'sessionId').
    at handleSlug (C:\Users\WELCOME\OneDrive\Desktop\onegrasp-assessment-engine\node_modules\next\dist\shared\lib\route
r\utils\sorted-routes.js:94:31)
    at UrlNode._insert (C:\Users\WELCOME\OneDrive\Desktop\onegrasp-assessment-engine\node_modules\next\dist\shared\lib\
router\utils\sorted-routes.js:131:17)
    at UrlNode._insert (C:\Users\WELCOME\OneDrive\Desktop\onegrasp-assessment-engine\node_modules\next\dist\shared\lib\
router\utils\sorted-routes.js:142:40)
    at UrlNode._insert (C:\Users\WELCOME\OneDrive\Desktop\onegrasp-assessment-engine\node_modules\next\dist\shared\lib\
router\utils\sorted-routes.js:142:40)
    at UrlNode.insert (C:\Users\WELCOME\OneDrive\Desktop\onegrasp-assessment-engine\node_modules\next\dist\shared\lib\r
outer\utils\sorted-routes.js:13:14)
    at C:\Users\WELCOME\OneDrive\Desktop\onegrasp-assessment-engine\node_modules\next\dist\shared\lib\router\utils\sort
ed-routes.js:165:46
    at Array.forEach (<anonymous>)
    at getSortedRoutes (C:\Users\WELCOME\OneDrive\Desktop\onegrasp-assessment-engine\node_modules\next\dist\shared\lib\
router\utils\sorted-routes.js:165:21)
    at C:\Users\WELCOME\OneDrive\Desktop\onegrasp-assessment-engine\node_modules\next\dist\build\index.js:625:65
    at Span.traceFn 
(C:\Users\WELCOME\OneDrive\Desktop\onegrasp-assessment-engine\node_modules\next\dist\trace\trace.js:147:20)
